0801 [      ]             | * = $0801
0801 [      ]             | 
0801 [      ]             | #INCLUDE ..\..\includes\includes.h
0801 [      ]             | #INCLUDE macros.h
0801 [      ]             | 
0801 [      ]             |                             ; Basic Stub
0801 [      ]             |             ; 10 SYS2061
0801 [0B08  ]             |             DATA        $080B   ; $0801 Pointer to Next Line
0803 [0A00  ]             |             DATA        $000A   ; $0803 Line Number '10'
0805 [9E    ]             |             DATA.B      $9E     ; $0805 BASIC Token for SYS
0806 [32    ]             |             DATA.B      $32     ; $0806 '2'
0807 [30    ]             |             DATA.B      $30     ; $0807 '0'
0808 [36    ]             |             DATA.B      $36     ; $0808 '6'
0809 [31    ]             |             DATA.B      $31     ; $0809 '1'  - 2061 is $080D
080A [00    ]             |             DATA.B      $00     ; $080A End of current line
080B [0000  ]             |             DATA        $0000   ; $080B Next Line (NULL no more lines)
080D [      ]             |                                 ; $080D - 2061
080D [      ]             | 
080D [      ]             | START:
080D [      ]             | 
080D [      ]             | ;#INCLUDE process\screen_loop-setup.asm
080D [      ]             | 
080D [78    ] SEI         |                                 SEI                             ; Turn off Interrupts
080E [A97F  ] LDA #$7F    |                 LDA.#   $7F
0810 [8D0DDC] STA $DC0D   |                 STA     $DC0D
0813 [8D0DDD] STA $DD0D   |                 STA     $DD0D
0816 [      ]             | 
0816 [A000  ] LDY #$00    | .LOOP:                          LDY.#   0
0818 [203E08] JSR $083E   |                 JSR     WAIT_FOR_RASTER_LINE
081B [A900  ] LDA #$00    |                                 LDA.#       VICII_COLOR_BLACK
081D [8D20D0] STA $D020   |                 STA         VICII_BORDER_COLOR
0820 [A032  ] LDY #$32    |                                 LDY.#   50
0822 [203E08] JSR $083E   |                 JSR     WAIT_FOR_RASTER_LINE
0825 [A205  ] LDX #$05    |                                 LDX.#   5
0827 [EA    ] NOP         |                 NOP
0828 [CA    ] DEX         |                 DEX
0829 [10FC  ] BPL $FC     |                 BPL     CURADDR - 2
082B [A901  ] LDA #$01    |                                 LDA.#       VICII_COLOR_WHITE
082D [8D20D0] STA $D020   |                 STA         VICII_BORDER_COLOR
0830 [      ]             | 
0830 [      ]             | ;#INCLUDE process\empty_loop.asm
0830 [      ]             | #INCLUDE process\nop_loop.asm
0830 [A220  ] LDX #$20    |                 LDX.#   $20
0832 [EA    ] NOP         | .IDLE_LOOP:     NOP
0833 [CA    ] DEX         |                 DEX
0834 [D0FC  ] BNE $FC     |                 BNE     .IDLE_LOOP
0836 [      ]             | 
0836 [      ]             | ; Stat: 'Process-nop_loop'
0836 [      ]             | ;    Bytes: 6   MinCycles: 2,040   MaxCycles: 2,550
0836 [      ]             | ;    MinCycleTime: 2.00 mSec   MaxCycleTime: 2.50 mSec
0836 [      ]             | ;    Max FPS: 500.00   Min FPS: 400.00
0836 [      ]             | 
0836 [      ]             | ; About 4 lines or 8*4 => 32 lines * 63 cycles
0836 [      ]             | ; 2016 cycles...
0836 [      ]             | ; #INCLUDE process\screen_loop.asm
0836 [      ]             | 
0836 [A902  ] LDA #$02    |                                 LDA.#       VICII_COLOR_RED
0838 [8D20D0] STA $D020   |                 STA         VICII_BORDER_COLOR
083B [4C1608] JMP $0816   |                 JMP     .LOOP
083E [      ]             | 
083E [      ]             | ; ===========================================================================
083E [      ]             | #INCLUDE functions\wait_for_raster_line.asm
083E [      ]             | 
083E [      ]             | ; ===========================================================================
083E [      ]             | WAIT_FOR_RASTER_LINE: ; Only works for Rasters < 256
083E [A980  ] LDA #$80    |                 LDA.#   $80
0840 [CC12D0] CPY $D012   | .LOOP:          CPY     VICII_RASTER
0843 [D0FB  ] BNE $FB     |                 BNE     .LOOP
0845 [2D11D0] AND $D011   |                 AND     VICII_CONTROL_1
0848 [D0F6  ] BNE $F6     |                 BNE     .LOOP
084A [      ]             | 
084A [60    ] RTS         |                 RTS
084B [      ]             | ; ===========================================================================
